append		= noexpand switch
assign		= noexpand switch
attrib		= noexpand switch
backup		= noexpand switch
bmgrep		= unix
cat		= unix
cgrep		= unix
chkdsk		= noexpand switch
chmod		= unix
ci		= unix
clean		= unix
cmp		= unix
co		= unix
comm		= unix
command		= noexpand switch export
comp		= noexpand switch
cookie		= unix
cp		= unix
cpio		= unix
date		= unix
dd		= unix
debug		= noexpand switch
diff		= unix
diff3		= unix
diffh		= unix
diskcomp	= noexpand switch
diskcopy	= noexpand switch
dmerge		= unix
dos_mem		= unix
du		= unix
ed		= unix
edlin		= noexpand switch
fdisk		= noexpand switch
fgrep		= unix
find		= unix
fold		= unix
format		= noexpand switch
gawk		= unix
grep		= unix
head		= unix
hed		= unix
join		= noexpand switch
label		= noexpand switch
lib		= dos export 
link		= dos export
lj		= unix
ls		= unix
make		= unix
mem		= noexpand switch
merge		= unix
mkdir		= unix
mode		= noexpand switch
more		= unix
mv		= unix
od		= unix
paste		= unix
pax		= unix
pr		= unix
printarg	= unix noswap
printenv	= unix noswap
rcs		= unix
rcsdiff		= unix
rcsmerge	= unix
recover		= noexpand switch
replace		= noexpand switch
restore		= noexpand switch
rlog		= unix
rm		= unix
rmdir		= unix
sed		= unix
sh		= unix
share		= noexpand switch
sort		= unix
strings		= unix
subst		= noexpand switch
sys		= noexpand switch
tar		= unix
touch		= unix
tr		= unix
tree		= noexpand switch
uniq		= unix
vol		= unix
wc		= unix
xcopy		= noexpand switch
uudecode	= unix
